07-21 22:30:26.315  7186  7186 I GoogleInputMethodService: GoogleInputMethodService.onStartInput():1909 onStartInput(EditorInfo{inputType=0x0(NULL) imeOptions=0x0 privateImeOptions=null actionName=UNSPECIFIED actionLabel=null actionId=0 initialSelStart=-1 initialSelEnd=-1 initialCapsMode=0x0 hintText=null label=null packageName=com.android.todolist fieldId=-1 fieldName=null extras=null hintLocales=[]}, false)
07-21 22:30:26.694  1823  1856 V OplusZoomWindowManagerService: onAnimationFinished:  r = ActivityRecord{80c691a u0 com.android.todolist/.MainActivity t10232}
07-21 22:30:26.695  1823  1856 V OplusZoomWindowManagerService: onAnimationFinished:  r = ActivityRecord{abb49b8 u0 com.android.todolist/.ListActivity t10232}
07-21 22:30:26.695  1823  1856 I OplusAppSwitchManagerService:  handleAppVisible , r = ActivityRecord{abb49b8 u0 com.android.todolist/.ListActivity t10232}
07-21 22:30:26.697  1823  1855 I PowerHalWrapper: amsBoostNotify pid:32421,activity:com.android.todolist.MainActivity, package:com.android.todolist, mProcessCreatePackcom.android.todolist 
07-21 22:30:26.710  1046  1046 D Layer   : reparent to null sequence=13143, seq[73], name=Surface(name=ActivityRecord{80c691a u0 com.android.todolist/.MainActivity)/@0xe3b49c4 - animation-leash of app_transition#0
07-21 22:30:26.710  1046  1046 D Layer   : reparent to null sequence=13144, seq[2], name=Surface(name=ActivityRecord{80c691a u0 com.android.todolist/.MainActivity)/@0xe3b49c4 - animation-bounds#0
07-21 22:30:26.710  1046  1046 D Layer   : reparent to null sequence=13141, seq[60], name=Surface(name=ActivityRecord{abb49b8 u0 com.android.todolist/.ListActivity)/@0x55e0418 - animation-leash of app_transition#0
07-21 22:30:26.710  1046  1046 D Layer   : reparent to null sequence=13142, seq[2], name=Surface(name=ActivityRecord{abb49b8 u0 com.android.todolist/.ListActivity)/@0x55e0418 - animation-bounds#0
07-21 22:30:26.711  1046  1046 D OplusLayer: ~Layer() sequence=13144, name=Surface(name=ActivityRecord{80c691a u0 com.android.todolist/.MainActivity)/@0xe3b49c4 - animation-bounds#0 0xb400006f365f9000
07-21 22:30:26.712  1046  1046 D OplusLayer: ~Layer() sequence=13143, name=Surface(name=ActivityRecord{80c691a u0 com.android.todolist/.MainActivity)/@0xe3b49c4 - animation-leash of app_transition#0 0xb400006f38da4000
07-21 22:30:26.712  1046  1046 D OplusLayer: ~Layer() sequence=13142, name=Surface(name=ActivityRecord{abb49b8 u0 com.android.todolist/.ListActivity)/@0x55e0418 - animation-bounds#0 0xb400006f407c5000
07-21 22:30:26.712  1046  1046 D OplusLayer: ~Layer() sequence=13141, name=Surface(name=ActivityRecord{abb49b8 u0 com.android.todolist/.ListActivity)/@0x55e0418 - animation-leash of app_transition#0 0xb400006f40199000
07-21 22:30:26.724  1823  3519 D OplusDisplayPolicy: com.android.todolist, no change cutoutMode: 0
07-21 22:30:26.742  1046  1046 D Layer   : reparent to null sequence=13095, seq[6], name=com.android.todolist/com.android.todolist.MainActivity#0
07-21 22:30:26.744  1046  1046 I BufferQueueDebug: [com.android.todolist/com.android.todolist.MainActivity#0](this:0xb400006f3feb8a40,id:-1,api:0,p:-1,c:1046) onDestructor()
07-21 22:30:26.744  1046  1046 D OplusLayer: ~Layer() sequence=13095, name=com.android.todolist/com.android.todolist.MainActivity#0 0xb400006f3feb6000
07-21 22:30:26.996   959  1029 I UxUtility: notifyForegroundApp pack:com.android.todolist, uid:10479
07-21 22:30:27.997   959  1029 I UxUtility: notifyForegroundApp pack:com.android.todolist, uid:10479
07-21 22:30:28.077  1823  2213 W NotificationService: Toast already killed. pkg=com.android.todolist token=android.os.BinderProxy@df2dabf
07-21 22:30:28.483  1823  6988 D InputMethodManagerService: isSecurity: attribute.packageName=com.android.todolist mCurMethodId=com.google.android.inputmethod.latin/com.android.inputmethod.latin.LatinIME
07-21 22:30:28.486  7186  7186 I GoogleInputMethodService: GoogleInputMethodService.onStartInput():1909 onStartInput(EditorInfo{inputType=0x61(PersonName) imeOptions=0x6 privateImeOptions=null actionName=DONE actionLabel=null actionId=0 initialSelStart=0 initialSelEnd=0 initialCapsMode=0x0 hintText=non-empty label=null packageName=com.android.todolist fieldId=2131230877 fieldName=null extras=null hintLocales=[]}, false)
07-21 22:30:28.522  7186  7186 I GoogleInputMethodService: GoogleInputMethodService.onStartInputView():2036 onStartInputView(EditorInfo{inputType=0x61(PersonName) imeOptions=0x6 privateImeOptions=null actionName=DONE actionLabel=null actionId=0 initialSelStart=0 initialSelEnd=0 initialCapsMode=0x0 hintText=non-empty label=null packageName=com.android.todolist fieldId=2131230877 fieldName=null extras=null hintLocales=[]}, false)
07-21 22:30:28.524  7186  7186 I AndroidIME: AbstractIme.onActivate():85 LatinIme.onActivate() : EditorInfo = inputType=0x61(PersonName) imeOptions=0x6 privateImeOptions=null actionName=DONE actionLabel=null actionId=0 initialSelStart=0 initialSelEnd=0 initialCapsMode=0x0 hintText=non-empty label=null packageName=com.android.todolist fieldId=2131230877 fieldName=null extras=null hintLocales=[], IncognitoMode = false, DeviceLocked = false
07-21 22:30:28.543 32421 32421 I Quality : Skipped: true 1 cost 18.43436 refreshRate 0 processName com.android.todolist
07-21 22:30:28.603  3060 32594 W ubt     : Infinite Data has no result for com.android.todolist [CONTEXT service_id=177 ]
07-21 22:30:28.607  3060 29601 W ubt     : Infinite Data has no result for com.android.todolist [CONTEXT service_id=177 ]
07-21 22:30:28.643 32421 32421 I Quality : Skipped: true 4 cost 68.24675 refreshRate 0 processName com.android.todolist
07-21 22:30:28.996   959  1029 I UxUtility: notifyForegroundApp pack:com.android.todolist, uid:10479
07-21 22:30:29.997   959  1029 I UxUtility: notifyForegroundApp pack:com.android.todolist, uid:10479
07-21 22:30:32.228  1823  1999 D InputMethodManagerService: isSecurity: attribute.packageName=com.android.todolist mCurMethodId=com.google.android.inputmethod.latin/com.android.inputmethod.latin.LatinIME
07-21 22:30:32.238 32421 32421 I Quality : Skipped: false 1 cost 24.586468 refreshRate 0 processName com.android.todolist
07-21 22:30:32.241  7186  7186 I GoogleInputMethodService: GoogleInputMethodService.onStartInput():1909 onStartInput(EditorInfo{inputType=0x61(PersonName) imeOptions=0x8000005 privateImeOptions=null actionName=NEXT actionLabel=null actionId=0 initialSelStart=0 initialSelEnd=0 initialCapsMode=0x0 hintText=non-empty label=null packageName=com.android.todolist fieldId=2131230877 fieldName=null extras=null hintLocales=[]}, true)
07-21 22:30:32.267 32421 32421 I Quality : Skipped: false 1 cost 19.799358 refreshRate 0 processName com.android.todolist
07-21 22:30:32.999   959  1029 I UxUtility: notifyForegroundApp pack:com.android.todolist, uid:10479
07-21 22:30:33.665  7186  7186 I GoogleInputMethodService: GoogleInputMethodService.onStartInputView():2036 onStartInputView(EditorInfo{inputType=0x61(PersonName) imeOptions=0x8000005 privateImeOptions=null actionName=NEXT actionLabel=null actionId=0 initialSelStart=0 initialSelEnd=0 initialCapsMode=0x0 hintText=non-empty label=null packageName=com.android.todolist fieldId=2131230877 fieldName=null extras=null hintLocales=[]}, false)
07-21 22:30:33.682  7186  7186 I AndroidIME: AbstractIme.onActivate():85 LatinIme.onActivate() : EditorInfo = inputType=0x61(PersonName) imeOptions=0x8000005 privateImeOptions=null actionName=NEXT actionLabel=null actionId=0 initialSelStart=0 initialSelEnd=0 initialCapsMode=0x0 hintText=non-empty label=null packageName=com.android.todolist fieldId=2131230877 fieldName=null extras=null hintLocales=[], IncognitoMode = false, DeviceLocked = false
07-21 22:30:34.999   959  1029 I UxUtility: notifyForegroundApp pack:com.android.todolist, uid:10479
07-21 22:30:36.125  1823  2878 D InputMethodManagerService: isSecurity: attribute.packageName=com.android.todolist mCurMethodId=com.google.android.inputmethod.latin/com.android.inputmethod.latin.LatinIME
07-21 22:30:36.136  7186  7186 I GoogleInputMethodService: GoogleInputMethodService.onStartInput():1909 onStartInput(EditorInfo{inputType=0x61(PersonName) imeOptions=0x8000005 privateImeOptions=null actionName=NEXT actionLabel=null actionId=0 initialSelStart=0 initialSelEnd=0 initialCapsMode=0x0 hintText=non-empty label=null packageName=com.android.todolist fieldId=2131230877 fieldName=null extras=null hintLocales=[]}, true)
07-21 22:30:37.001   959  1029 I UxUtility: notifyForegroundApp pack:com.android.todolist, uid:10479
07-21 22:30:37.369  7186  7186 I GoogleInputMethodService: GoogleInputMethodService.onStartInputView():2036 onStartInputView(EditorInfo{inputType=0x61(PersonName) imeOptions=0x8000005 privateImeOptions=null actionName=NEXT actionLabel=null actionId=0 initialSelStart=0 initialSelEnd=0 initialCapsMode=0x0 hintText=non-empty label=null packageName=com.android.todolist fieldId=2131230877 fieldName=null extras=null hintLocales=[]}, false)
07-21 22:30:37.387  7186  7186 I AndroidIME: AbstractIme.onActivate():85 LatinIme.onActivate() : EditorInfo = inputType=0x61(PersonName) imeOptions=0x8000005 privateImeOptions=null actionName=NEXT actionLabel=null actionId=0 initialSelStart=0 initialSelEnd=0 initialCapsMode=0x0 hintText=non-empty label=null packageName=com.android.todolist fieldId=2131230877 fieldName=null extras=null hintLocales=[], IncognitoMode = false, DeviceLocked = false
07-21 22:30:39.002   959  1029 I UxUtility: notifyForegroundApp pack:com.android.todolist, uid:10479
07-21 22:30:40.393  1823  3519 D InputMethodManagerService: isSecurity: attribute.packageName=com.android.todolist mCurMethodId=com.google.android.inputmethod.latin/com.android.inputmethod.latin.LatinIME
07-21 22:30:40.401  7186  7186 I GoogleInputMethodService: GoogleInputMethodService.onStartInput():1909 onStartInput(EditorInfo{inputType=0x61(PersonName) imeOptions=0x8000005 privateImeOptions=null actionName=NEXT actionLabel=null actionId=0 initialSelStart=0 initialSelEnd=0 initialCapsMode=0x0 hintText=non-empty label=null packageName=com.android.todolist fieldId=2131230877 fieldName=null extras=null hintLocales=[]}, true)
07-21 22:30:41.003   959  1029 I UxUtility: notifyForegroundApp pack:com.android.todolist, uid:10479
07-21 22:30:42.003   959  1029 I UxUtility: notifyForegroundApp pack:com.android.todolist, uid:10479
07-21 22:30:42.996  7186  7186 I GoogleInputMethodService: GoogleInputMethodService.onStartInputView():2036 onStartInputView(EditorInfo{inputType=0x61(PersonName) imeOptions=0x8000005 privateImeOptions=null actionName=NEXT actionLabel=null actionId=0 initialSelStart=0 initialSelEnd=0 initialCapsMode=0x0 hintText=non-empty label=null packageName=com.android.todolist fieldId=2131230877 fieldName=null extras=null hintLocales=[]}, false)
07-21 22:30:43.015  7186  7186 I AndroidIME: AbstractIme.onActivate():85 LatinIme.onActivate() : EditorInfo = inputType=0x61(PersonName) imeOptions=0x8000005 privateImeOptions=null actionName=NEXT actionLabel=null actionId=0 initialSelStart=0 initialSelEnd=0 initialCapsMode=0x0 hintText=non-empty label=null packageName=com.android.todolist fieldId=2131230877 fieldName=null extras=null hintLocales=[], IncognitoMode = false, DeviceLocked = false
07-21 22:30:44.004   959  1029 I UxUtility: notifyForegroundApp pack:com.android.todolist, uid:10479
07-21 22:30:45.004   959  1029 I UxUtility: notifyForegroundApp pack:com.android.todolist, uid:10479
07-21 22:30:45.487  1823  2213 D InputMethodManagerService: isSecurity: attribute.packageName=com.android.todolist mCurMethodId=com.google.android.inputmethod.latin/com.android.inputmethod.latin.LatinIME
07-21 22:30:45.495  7186  7186 I GoogleInputMethodService: GoogleInputMethodService.onStartInput():1909 onStartInput(EditorInfo{inputType=0x61(PersonName) imeOptions=0x8000005 privateImeOptions=null actionName=NEXT actionLabel=null actionId=0 initialSelStart=0 initialSelEnd=0 initialCapsMode=0x0 hintText=non-empty label=null packageName=com.android.todolist fieldId=2131230877 fieldName=null extras=null hintLocales=[]}, true)
07-21 22:30:46.004   959  1029 I UxUtility: notifyForegroundApp pack:com.android.todolist, uid:10479
07-21 22:30:46.580  1823  2878 I ActivityTaskManager: START u0 {cmp=com.android.todolist/.MainActivity mCallingUid=10479} from uid 10479
07-21 22:30:46.581  1823  2878 D OplusZoomWindowRUSConfigManager: isSupportZoomModeWithPolicyLocked: target = com.android.todolist/.MainActivity
07-21 22:30:46.581  1823  2878 D OplusZoomWindowRUSConfigManager: targetPkg = com.android.todolist
07-21 22:30:46.582  1823  2878 V OplusZoomWindowManagerService: unSupportZoom: false ,callingPid: 32421 ,sourceStack: Task{96adc4b #10232 type=standard A=10479:com.android.todolist U=0 visible=true mode=fullscreen translucent=false sz=2}
07-21 22:30:46.582  1823  2878 E WindowManager: makeSurface ActivityRecord{42ec450 u0 com.android.todolist/.MainActivity t10232} windowType 2
07-21 22:30:46.583  1046  1979 D SurfaceFlinger: addClientLayer(144): seq(13155) name,ActivityRecord{42ec450 u0 com.android.todolist/.MainActivity#0
07-21 22:30:46.585  1823  2878 D CompactWindowManagerService: onOriginListAdded child: ActivityRecord{42ec450 u0 com.android.todolist/.MainActivity t10232}; parent: Task{96adc4b #10232 type=standard A=10479:com.android.todolist U=0 visible=true mode=fullscreen translucent=false sz=3}
07-21 22:30:46.585  1823  2878 D TaskExtImpl: add ActivityRecord{42ec450 u0 com.android.todolist/.MainActivity t10232} to mActivityRecordSum = Counter{ com.android.todolist/.ListActivity(1) com.android.todolist/.MainActivity(2) }
07-21 22:30:46.586  1823  2878 D ActivityTaskManager: getStartingWindowType: newTask=false, taskSwitch=false, processRunning=true, allowTaskSnapshot=true, activityCreated=false, snapshot=null, record:ActivityRecord{42ec450 u0 com.android.todolist/.MainActivity t10232}
07-21 22:30:46.586  1823  2878 D OplusZoomWindowRUSConfigManager: isSupportZoomModeWithPolicyLocked: target = com.android.todolist/.MainActivity
07-21 22:30:46.586  1823  2878 D OplusZoomWindowRUSConfigManager: targetPkg = com.android.todolist
07-21 22:30:46.586  1823  2878 V OplusZoomWindowManagerService: unSupportZoom: false ,callingPid: 32421 ,sourceStack: Task{96adc4b #10232 type=standard A=10479:com.android.todolist U=0 visible=true mode=fullscreen translucent=false sz=3}
07-21 22:30:46.587  1823  2878 I PowerHalWrapper: <amsBoostResume> last:com.android.todolist, next:com.android.todolist 
07-21 22:30:46.601  1823  2878 I PowerHalWrapper: amsBoostNotify pid:32421,activity:com.android.todolist.MainActivity, package:com.android.todolist, mProcessCreatePackcom.android.todolist 
07-21 22:30:46.601  1823  2878 I InputDispatcher: setFocusedApplication displayId=0 ActivityRecord{42ec450 u0 com.android.todolist/.MainActivity t10232}
07-21 22:30:46.601   959   969 I mtkpower@impl: [notifyAppState] act com.android.todolist.ListActivity => com.android.todolist.MainActivity
07-21 22:30:46.602  1823  2878 W WindowManager: Changing focus from Window{431d394 u0 com.android.todolist/com.android.todolist.ListActivity} to null displayId=0 Callers=com.android.server.wm.RootWindowContainer.updateFocusedWindowLocked:492 com.android.server.wm.WindowManagerService.updateFocusedWindowLocked:6016 com.android.server.wm.ActivityTaskManagerService.setResumedActivityUncheckLocked:4